library     = lib/libSQIsign2D-lvl4.so
id          = sign-26
type        = sig
algorithm   = SQIsign2D-push1/2
instance    = SQIsign2D-lvl4
variant     = Reference_Implementation
source_dir  = Implementations/sqisign2d_lvl4
compiler    = gcc 15.2.0
build_flags = -O2 -fPIC -std=gnu11 -Wall -Wno-unused -Wno-unknown-pragmas -fno-strict-aliasing -fwrapv -fno-omit-frame-pointer -D_GNU_SOURCE 
pk_len      = 262
sk_len      = 1838
sn_len      = 593
lifting the two basis [59717]
4 xyz doubling [183219]
gluing comput [11853]
precomputation for the first codomain [126]
gluing eval [2050]
middle steps [974935]
last two steps [795]
splitting [25606]
lifting the two basis [59629]
4 xyz doubling [183376]
gluing comput [11856]
precomputation for the first codomain [126]
gluing eval [2047]
middle steps [976970]
last two steps [848]
splitting [25782]
lifting the two basis [59767]
4 xyz doubling [183603]
gluing comput [11858]
precomputation for the first codomain [127]
gluing eval [2058]
middle steps [976748]
last two steps [795]
splitting [25665]
lifting the two basis [59621]
4 xyz doubling [184279]
gluing comput [11865]
precomputation for the first codomain [127]
gluing eval [2055]
middle steps [982964]
last two steps [796]
splitting [25580]
lifting the two basis [59665]
4 xyz doubling [184297]
gluing comput [11821]
precomputation for the first codomain [126]
gluing eval [2049]
middle steps [982858]
last two steps [796]
splitting [25580]
lifting the two basis [59592]
4 xyz doubling [184302]
gluing comput [11886]
precomputation for the first codomain [124]
gluing eval [2054]
middle steps [980699]
last two steps [797]
splitting [25573]
lifting the two basis [59834]
4 xyz doubling [183905]
gluing comput [11978]
precomputation for the first codomain [125]
gluing eval [2049]
middle steps [976671]
last two steps [809]
splitting [25717]
lifting the two basis [59652]
4 xyz doubling [183604]
gluing comput [11856]
precomputation for the first codomain [125]
gluing eval [2034]
middle steps [979269]
last two steps [792]
splitting [25594]
lifting the two basis [59765]
4 xyz doubling [183432]
gluing comput [11834]
precomputation for the first codomain [126]
gluing eval [2049]
middle steps [975150]
last two steps [792]
splitting [25534]
lifting the two basis [59658]
4 xyz doubling [183226]
gluing comput [11866]
precomputation for the first codomain [130]
gluing eval [2060]
middle steps [976124]
last two steps [796]
splitting [25592]
lifting the two basis [59566]
4 xyz doubling [183237]
gluing comput [11842]
precomputation for the first codomain [125]
gluing eval [2042]
middle steps [975027]
last two steps [792]
splitting [25502]
lifting the two basis [59639]
4 xyz doubling [183118]
gluing comput [11973]
precomputation for the first codomain [126]
gluing eval [2058]
middle steps [975451]
last two steps [796]
splitting [25577]
lifting the two basis [59732]
4 xyz doubling [184209]
gluing comput [11829]
precomputation for the first codomain [127]
gluing eval [2059]
middle steps [982616]
last two steps [788]
splitting [25502]
lifting the two basis [59648]
4 xyz doubling [184150]
gluing comput [11824]
precomputation for the first codomain [129]
gluing eval [2056]
middle steps [981360]
last two steps [795]
splitting [25543]
lifting the two basis [59857]
4 xyz doubling [184136]
gluing comput [11866]
precomputation for the first codomain [126]
gluing eval [2062]
middle steps [982359]
last two steps [797]
splitting [25599]
lifting the two basis [59669]
4 xyz doubling [183655]
gluing comput [11827]
precomputation for the first codomain [126]
gluing eval [2053]
middle steps [977246]
last two steps [793]
splitting [25507]
lifting the two basis [59669]
4 xyz doubling [183573]
gluing comput [11848]
precomputation for the first codomain [125]
gluing eval [2048]
middle steps [975718]
last two steps [789]
splitting [25541]
lifting the two basis [59649]
4 xyz doubling [183559]
gluing comput [11876]
precomputation for the first codomain [126]
gluing eval [2051]
middle steps [976525]
last two steps [795]
splitting [25544]
lifting the two basis [59716]
4 xyz doubling [182436]
gluing comput [11885]
precomputation for the first codomain [130]
gluing eval [2050]
middle steps [970787]
last two steps [793]
splitting [25533]
lifting the two basis [59629]
4 xyz doubling [182406]
gluing comput [11845]
precomputation for the first codomain [130]
gluing eval [2052]
middle steps [970870]
last two steps [791]
splitting [25539]
lifting the two basis [59786]
4 xyz doubling [182436]
gluing comput [11847]
precomputation for the first codomain [125]
gluing eval [2055]
middle steps [970140]
last two steps [797]
splitting [25618]
lifting the two basis [59617]
4 xyz doubling [183855]
gluing comput [11873]
precomputation for the first codomain [126]
gluing eval [2056]
middle steps [979835]
last two steps [793]
splitting [25511]
lifting the two basis [59680]
4 xyz doubling [183918]
gluing comput [11863]
precomputation for the first codomain [126]
gluing eval [2053]
middle steps [978488]
last two steps [798]
splitting [25518]
lifting the two basis [59611]
4 xyz doubling [183852]
gluing comput [11849]
precomputation for the first codomain [126]
gluing eval [2055]
middle steps [980030]
last two steps [795]
splitting [25508]
lifting the two basis [59635]
4 xyz doubling [183182]
gluing comput [11870]
precomputation for the first codomain [125]
gluing eval [2052]
middle steps [974750]
last two steps [796]
splitting [25585]
lifting the two basis [59488]
4 xyz doubling [183049]
gluing comput [11838]
precomputation for the first codomain [127]
gluing eval [2058]
middle steps [976020]
last two steps [799]
splitting [25603]
lifting the two basis [59527]
4 xyz doubling [183188]
gluing comput [11823]
precomputation for the first codomain [126]
gluing eval [2058]
middle steps [973424]
last two steps [796]
splitting [25612]
lifting the two basis [59545]
4 xyz doubling [183578]
gluing comput [11834]
precomputation for the first codomain [124]
gluing eval [2040]
middle steps [975608]
last two steps [793]
splitting [25584]
lifting the two basis [59576]
4 xyz doubling [183607]
gluing comput [11878]
precomputation for the first codomain [126]
gluing eval [2057]
middle steps [977008]
last two steps [797]
splitting [25588]
lifting the two basis [59936]
4 xyz doubling [183513]
gluing comput [11826]
precomputation for the first codomain [126]
gluing eval [2049]
middle steps [975667]
last two steps [796]
splitting [25553]
timing  keygen 13440.652 ms  sign 11959.145 ms  verify 2989.753 ms (avg over 10)
wrote  kat/KAT_SIG_SQIsign2D-lvl4.txt (58054 bytes)
manifest 77a22e07a692d32bd8e5122503e1d2f38ca86faf6b3406e453bf419b86ada2cd strict KAT_SIG_SQIsign2D-lvl4.txt
RESULT sign-26 SQIsign2D-lvl4 PASS 
