library     = lib/libSQIsign2D-lvl2.so
id          = sign-26
type        = sig
algorithm   = SQIsign2D-push1/2
instance    = SQIsign2D-lvl2
variant     = Reference_Implementation
source_dir  = Implementations/sqisign2d_lvl2
compiler    = gcc 15.2.0
build_flags = -O2 -fPIC -std=gnu11 -Wall -Wno-unused -Wno-unknown-pragmas -fno-strict-aliasing -fwrapv -fno-omit-frame-pointer -D_GNU_SOURCE 
pk_len      = 96
sk_len      = 676
sn_len      = 218
lifting the two basis [2235]
4 xyz doubling [7348]
gluing comput [578]
precomputation for the first codomain [14]
gluing eval [228]
middle steps [33946]
last two steps [88]
splitting [1005]
lifting the two basis [2237]
4 xyz doubling [7292]
gluing comput [576]
precomputation for the first codomain [14]
gluing eval [224]
middle steps [33987]
last two steps [95]
splitting [1013]
lifting the two basis [2211]
4 xyz doubling [7287]
gluing comput [580]
precomputation for the first codomain [14]
gluing eval [225]
middle steps [34012]
last two steps [92]
splitting [997]
lifting the two basis [2241]
4 xyz doubling [7273]
gluing comput [585]
precomputation for the first codomain [14]
gluing eval [224]
middle steps [33539]
last two steps [89]
splitting [1008]
lifting the two basis [2216]
4 xyz doubling [7209]
gluing comput [579]
precomputation for the first codomain [14]
gluing eval [228]
middle steps [33571]
last two steps [89]
splitting [1007]
lifting the two basis [2227]
4 xyz doubling [7204]
gluing comput [585]
precomputation for the first codomain [14]
gluing eval [227]
middle steps [33567]
last two steps [89]
splitting [1004]
lifting the two basis [2205]
4 xyz doubling [7372]
gluing comput [579]
precomputation for the first codomain [14]
gluing eval [228]
middle steps [33943]
last two steps [91]
splitting [1004]
lifting the two basis [2220]
4 xyz doubling [7298]
gluing comput [591]
precomputation for the first codomain [14]
gluing eval [224]
middle steps [34019]
last two steps [91]
splitting [1010]
lifting the two basis [2222]
4 xyz doubling [7280]
gluing comput [586]
precomputation for the first codomain [15]
gluing eval [225]
middle steps [34021]
last two steps [92]
splitting [1006]
lifting the two basis [2236]
4 xyz doubling [7353]
gluing comput [583]
precomputation for the first codomain [14]
gluing eval [223]
middle steps [33929]
last two steps [91]
splitting [1008]
lifting the two basis [2230]
4 xyz doubling [7299]
gluing comput [579]
precomputation for the first codomain [14]
gluing eval [229]
middle steps [33973]
last two steps [91]
splitting [1006]
lifting the two basis [2229]
4 xyz doubling [7287]
gluing comput [582]
precomputation for the first codomain [14]
gluing eval [224]
middle steps [33973]
last two steps [91]
splitting [997]
lifting the two basis [2234]
4 xyz doubling [7390]
gluing comput [577]
precomputation for the first codomain [15]
gluing eval [225]
middle steps [34218]
last two steps [90]
splitting [1008]
lifting the two basis [2228]
4 xyz doubling [7327]
gluing comput [580]
precomputation for the first codomain [14]
gluing eval [225]
middle steps [34197]
last two steps [91]
splitting [1006]
lifting the two basis [2231]
4 xyz doubling [7321]
gluing comput [575]
precomputation for the first codomain [14]
gluing eval [225]
middle steps [34263]
last two steps [90]
splitting [1005]
lifting the two basis [2230]
4 xyz doubling [7308]
gluing comput [585]
precomputation for the first codomain [14]
gluing eval [224]
middle steps [33950]
last two steps [90]
splitting [1005]
lifting the two basis [2240]
4 xyz doubling [7240]
gluing comput [581]
precomputation for the first codomain [15]
gluing eval [225]
middle steps [33977]
last two steps [89]
splitting [989]
lifting the two basis [2238]
4 xyz doubling [7285]
gluing comput [585]
precomputation for the first codomain [14]
gluing eval [224]
middle steps [34023]
last two steps [89]
splitting [1007]
lifting the two basis [2228]
4 xyz doubling [7312]
gluing comput [580]
precomputation for the first codomain [14]
gluing eval [224]
middle steps [33769]
last two steps [90]
splitting [1012]
lifting the two basis [2233]
4 xyz doubling [7240]
gluing comput [583]
precomputation for the first codomain [14]
gluing eval [224]
middle steps [33849]
last two steps [90]
splitting [1008]
lifting the two basis [2233]
4 xyz doubling [7245]
gluing comput [576]
precomputation for the first codomain [14]
gluing eval [224]
middle steps [33720]
last two steps [90]
splitting [1004]
lifting the two basis [2230]
4 xyz doubling [7384]
gluing comput [582]
precomputation for the first codomain [14]
gluing eval [224]
middle steps [34092]
last two steps [89]
splitting [1005]
lifting the two basis [2227]
4 xyz doubling [7312]
gluing comput [582]
precomputation for the first codomain [14]
gluing eval [225]
middle steps [34151]
last two steps [90]
splitting [1004]
lifting the two basis [2232]
4 xyz doubling [7378]
gluing comput [581]
precomputation for the first codomain [14]
gluing eval [228]
middle steps [34264]
last two steps [96]
splitting [1069]
lifting the two basis [2238]
4 xyz doubling [7349]
gluing comput [581]
precomputation for the first codomain [15]
gluing eval [225]
middle steps [33958]
last two steps [90]
splitting [1006]
lifting the two basis [2233]
4 xyz doubling [7281]
gluing comput [583]
precomputation for the first codomain [14]
gluing eval [225]
middle steps [33955]
last two steps [90]
splitting [1001]
lifting the two basis [2209]
4 xyz doubling [7280]
gluing comput [578]
precomputation for the first codomain [14]
gluing eval [225]
middle steps [33926]
last two steps [90]
splitting [1004]
lifting the two basis [2227]
4 xyz doubling [7304]
gluing comput [579]
precomputation for the first codomain [14]
gluing eval [224]
middle steps [33687]
last two steps [93]
splitting [1003]
lifting the two basis [2208]
4 xyz doubling [7256]
gluing comput [582]
precomputation for the first codomain [14]
gluing eval [225]
middle steps [33749]
last two steps [90]
splitting [1008]
lifting the two basis [2239]
4 xyz doubling [7247]
gluing comput [578]
precomputation for the first codomain [14]
gluing eval [229]
middle steps [33742]
last two steps [89]
splitting [994]
timing  keygen 515.171 ms  sign 1056.636 ms  verify 117.198 ms (avg over 10)
wrote  kat/KAT_SIG_SQIsign2D-lvl2.txt (23974 bytes)
manifest b98cdb89d6654b2020a8c20b25683b79abe4ff480738d458dedb3ca6b2c3af97 strict KAT_SIG_SQIsign2D-lvl2.txt
RESULT sign-26 SQIsign2D-lvl2 PASS 
