library     = lib/libSQIsign2D-lvl3.so
id          = sign-26
type        = sig
algorithm   = SQIsign2D-push1/2
instance    = SQIsign2D-lvl3
variant     = Reference_Implementation
source_dir  = Implementations/sqisign2d_lvl3
compiler    = gcc 15.2.0
build_flags = -O2 -fPIC -std=gnu11 -Wall -Wno-unused -Wno-unknown-pragmas -fno-strict-aliasing -fwrapv -fno-omit-frame-pointer -D_GNU_SOURCE 
pk_len      = 128
sk_len      = 900
sn_len      = 293
lifting the two basis [5215]
4 xyz doubling [17380]
gluing comput [1226]
precomputation for the first codomain [24]
gluing eval [385]
middle steps [84660]
last two steps [152]
splitting [2323]
lifting the two basis [5210]
4 xyz doubling [17374]
gluing comput [1218]
precomputation for the first codomain [24]
gluing eval [387]
middle steps [84675]
last two steps [151]
splitting [2307]
lifting the two basis [5218]
4 xyz doubling [17379]
gluing comput [1225]
precomputation for the first codomain [23]
gluing eval [384]
middle steps [84677]
last two steps [154]
splitting [2298]
lifting the two basis [5203]
4 xyz doubling [17385]
gluing comput [1242]
precomputation for the first codomain [25]
gluing eval [388]
middle steps [84583]
last two steps [151]
splitting [2303]
lifting the two basis [5209]
4 xyz doubling [17376]
gluing comput [1212]
precomputation for the first codomain [23]
gluing eval [389]
middle steps [84590]
last two steps [156]
splitting [2305]
lifting the two basis [5191]
4 xyz doubling [17374]
gluing comput [1235]
precomputation for the first codomain [24]
gluing eval [383]
middle steps [84596]
last two steps [152]
splitting [2304]
lifting the two basis [5214]
4 xyz doubling [17387]
gluing comput [1225]
precomputation for the first codomain [24]
gluing eval [385]
middle steps [84561]
last two steps [151]
splitting [2302]
lifting the two basis [5203]
4 xyz doubling [17381]
gluing comput [1223]
precomputation for the first codomain [24]
gluing eval [386]
middle steps [84632]
last two steps [152]
splitting [2312]
lifting the two basis [5219]
4 xyz doubling [17370]
gluing comput [1224]
precomputation for the first codomain [28]
gluing eval [385]
middle steps [84605]
last two steps [156]
splitting [2320]
lifting the two basis [5202]
4 xyz doubling [17172]
gluing comput [1227]
precomputation for the first codomain [24]
gluing eval [384]
middle steps [83678]
last two steps [154]
splitting [2302]
lifting the two basis [5233]
4 xyz doubling [17175]
gluing comput [1222]
precomputation for the first codomain [24]
gluing eval [389]
middle steps [83900]
last two steps [154]
splitting [2315]
lifting the two basis [5173]
4 xyz doubling [17187]
gluing comput [1212]
precomputation for the first codomain [25]
gluing eval [385]
middle steps [83631]
last two steps [155]
splitting [2287]
lifting the two basis [5221]
4 xyz doubling [17378]
gluing comput [1218]
precomputation for the first codomain [25]
gluing eval [387]
middle steps [84557]
last two steps [152]
splitting [2320]
lifting the two basis [5212]
4 xyz doubling [17367]
gluing comput [1231]
precomputation for the first codomain [24]
gluing eval [384]
middle steps [84602]
last two steps [153]
splitting [2308]
lifting the two basis [5180]
4 xyz doubling [17375]
gluing comput [1224]
precomputation for the first codomain [24]
gluing eval [392]
middle steps [84584]
last two steps [156]
splitting [2289]
lifting the two basis [5246]
4 xyz doubling [17455]
gluing comput [1230]
precomputation for the first codomain [24]
gluing eval [385]
middle steps [84930]
last two steps [152]
splitting [2314]
lifting the two basis [5181]
4 xyz doubling [17448]
gluing comput [1228]
precomputation for the first codomain [23]
gluing eval [384]
middle steps [85002]
last two steps [156]
splitting [2313]
lifting the two basis [5204]
4 xyz doubling [17442]
gluing comput [1233]
precomputation for the first codomain [24]
gluing eval [387]
middle steps [84949]
last two steps [152]
splitting [2287]
lifting the two basis [5167]
4 xyz doubling [17382]
gluing comput [1237]
precomputation for the first codomain [25]
gluing eval [383]
middle steps [84581]
last two steps [156]
splitting [2308]
lifting the two basis [5217]
4 xyz doubling [17370]
gluing comput [1228]
precomputation for the first codomain [24]
gluing eval [383]
middle steps [84579]
last two steps [151]
splitting [2306]
lifting the two basis [5203]
4 xyz doubling [17377]
gluing comput [1229]
precomputation for the first codomain [24]
gluing eval [385]
middle steps [84596]
last two steps [151]
splitting [2308]
lifting the two basis [5205]
4 xyz doubling [17445]
gluing comput [1215]
precomputation for the first codomain [24]
gluing eval [384]
middle steps [84931]
last two steps [155]
splitting [2307]
lifting the two basis [5195]
4 xyz doubling [17441]
gluing comput [1226]
precomputation for the first codomain [24]
gluing eval [386]
middle steps [85124]
last two steps [152]
splitting [2304]
lifting the two basis [5235]
4 xyz doubling [17445]
gluing comput [1238]
precomputation for the first codomain [24]
gluing eval [384]
middle steps [84916]
last two steps [152]
splitting [2296]
lifting the two basis [5181]
4 xyz doubling [17363]
gluing comput [1228]
precomputation for the first codomain [24]
gluing eval [389]
middle steps [84605]
last two steps [150]
splitting [2315]
lifting the two basis [5207]
4 xyz doubling [17351]
gluing comput [1229]
precomputation for the first codomain [24]
gluing eval [389]
middle steps [84543]
last two steps [156]
splitting [2265]
lifting the two basis [5225]
4 xyz doubling [17380]
gluing comput [1233]
precomputation for the first codomain [24]
gluing eval [385]
middle steps [84571]
last two steps [152]
splitting [2297]
lifting the two basis [5248]
4 xyz doubling [17375]
gluing comput [1227]
precomputation for the first codomain [24]
gluing eval [389]
middle steps [84578]
last two steps [151]
splitting [2318]
lifting the two basis [5235]
4 xyz doubling [17384]
gluing comput [1214]
precomputation for the first codomain [24]
gluing eval [390]
middle steps [84631]
last two steps [151]
splitting [2319]
lifting the two basis [5226]
4 xyz doubling [17382]
gluing comput [1222]
precomputation for the first codomain [24]
gluing eval [386]
middle steps [84795]
last two steps [152]
splitting [2292]
timing  keygen 1159.800 ms  sign 1130.647 ms  verify 268.147 ms (avg over 10)
wrote  kat/KAT_SIG_SQIsign2D-lvl3.txt (30604 bytes)
manifest e720265768c4e14868f1a660b631c77a763c3474173c09997f81125afa392018 strict KAT_SIG_SQIsign2D-lvl3.txt
RESULT sign-26 SQIsign2D-lvl3 MISMATCH KAT_SIG_SQIsign2D-lvl3.txt: sha256 daff2254d08afe8795b70c51dd4cf286bd4e9a4a70ddc10a79ae3ca38d203a31 != manifest e720265768c4e14868f1a660b631c77a763c3474173c09997f81125afa392018
