library     = lib/libSQIsign2D-lvl1.so
id          = sign-26
type        = sig
algorithm   = SQIsign2D-push1/2
instance    = SQIsign2D-lvl1
variant     = Reference_Implementation
source_dir  = Implementations/sqisign2d_lvl1
compiler    = gcc 15.2.0
build_flags = -O2 -fPIC -std=gnu11 -Wall -Wno-unused -Wno-unknown-pragmas -fno-strict-aliasing -fwrapv -fno-omit-frame-pointer -D_GNU_SOURCE 
pk_len      = 64
sk_len      = 456
sn_len      = 150
lifting the two basis [693]
4 xyz doubling [2434]
gluing comput [222]
precomputation for the first codomain [7]
gluing eval [107]
middle steps [10711]
last two steps [49]
splitting [329]
lifting the two basis [693]
4 xyz doubling [2434]
gluing comput [216]
precomputation for the first codomain [7]
gluing eval [115]
middle steps [10729]
last two steps [44]
splitting [333]
lifting the two basis [686]
4 xyz doubling [2438]
gluing comput [216]
precomputation for the first codomain [7]
gluing eval [109]
middle steps [10723]
last two steps [44]
splitting [323]
lifting the two basis [689]
4 xyz doubling [2321]
gluing comput [217]
precomputation for the first codomain [7]
gluing eval [108]
middle steps [10135]
last two steps [44]
splitting [329]
lifting the two basis [689]
4 xyz doubling [2318]
gluing comput [217]
precomputation for the first codomain [7]
gluing eval [110]
middle steps [10129]
last two steps [44]
splitting [326]
lifting the two basis [691]
4 xyz doubling [2320]
gluing comput [216]
precomputation for the first codomain [7]
gluing eval [109]
middle steps [10135]
last two steps [44]
splitting [324]
lifting the two basis [692]
4 xyz doubling [2358]
gluing comput [217]
precomputation for the first codomain [7]
gluing eval [108]
middle steps [10354]
last two steps [45]
splitting [328]
lifting the two basis [686]
4 xyz doubling [2363]
gluing comput [219]
precomputation for the first codomain [8]
gluing eval [110]
middle steps [10343]
last two steps [44]
splitting [328]
lifting the two basis [690]
4 xyz doubling [2354]
gluing comput [217]
precomputation for the first codomain [7]
gluing eval [109]
middle steps [10336]
last two steps [43]
splitting [323]
lifting the two basis [693]
4 xyz doubling [2381]
gluing comput [218]
precomputation for the first codomain [7]
gluing eval [108]
middle steps [10430]
last two steps [44]
splitting [332]
lifting the two basis [692]
4 xyz doubling [2387]
gluing comput [218]
precomputation for the first codomain [7]
gluing eval [110]
middle steps [10436]
last two steps [44]
splitting [328]
lifting the two basis [691]
4 xyz doubling [2381]
gluing comput [218]
precomputation for the first codomain [7]
gluing eval [110]
middle steps [10451]
last two steps [44]
splitting [325]
lifting the two basis [690]
4 xyz doubling [2378]
gluing comput [222]
precomputation for the first codomain [7]
gluing eval [108]
middle steps [10436]
last two steps [44]
splitting [328]
lifting the two basis [693]
4 xyz doubling [2378]
gluing comput [218]
precomputation for the first codomain [7]
gluing eval [109]
middle steps [10429]
last two steps [44]
splitting [324]
lifting the two basis [691]
4 xyz doubling [2375]
gluing comput [221]
precomputation for the first codomain [7]
gluing eval [110]
middle steps [10447]
last two steps [43]
splitting [330]
lifting the two basis [691]
4 xyz doubling [2434]
gluing comput [217]
precomputation for the first codomain [7]
gluing eval [108]
middle steps [10745]
last two steps [44]
splitting [329]
lifting the two basis [689]
4 xyz doubling [2433]
gluing comput [221]
precomputation for the first codomain [7]
gluing eval [109]
middle steps [10730]
last two steps [44]
splitting [325]
lifting the two basis [691]
4 xyz doubling [2430]
gluing comput [223]
precomputation for the first codomain [7]
gluing eval [109]
middle steps [10725]
last two steps [54]
splitting [324]
lifting the two basis [690]
4 xyz doubling [2376]
gluing comput [221]
precomputation for the first codomain [7]
gluing eval [108]
middle steps [10425]
last two steps [44]
splitting [330]
lifting the two basis [685]
4 xyz doubling [2384]
gluing comput [217]
precomputation for the first codomain [7]
gluing eval [110]
middle steps [10435]
last two steps [48]
splitting [325]
lifting the two basis [685]
4 xyz doubling [2385]
gluing comput [216]
precomputation for the first codomain [7]
gluing eval [109]
middle steps [10429]
last two steps [44]
splitting [323]
lifting the two basis [686]
4 xyz doubling [2417]
gluing comput [217]
precomputation for the first codomain [7]
gluing eval [108]
middle steps [10628]
last two steps [46]
splitting [326]
lifting the two basis [690]
4 xyz doubling [2416]
gluing comput [220]
precomputation for the first codomain [7]
gluing eval [109]
middle steps [10614]
last two steps [45]
splitting [331]
lifting the two basis [691]
4 xyz doubling [2415]
gluing comput [217]
precomputation for the first codomain [7]
gluing eval [112]
middle steps [10621]
last two steps [46]
splitting [328]
lifting the two basis [690]
4 xyz doubling [2320]
gluing comput [220]
precomputation for the first codomain [7]
gluing eval [107]
middle steps [10140]
last two steps [44]
splitting [327]
lifting the two basis [686]
4 xyz doubling [2327]
gluing comput [218]
precomputation for the first codomain [7]
gluing eval [109]
middle steps [10128]
last two steps [44]
splitting [330]
lifting the two basis [692]
4 xyz doubling [2318]
gluing comput [218]
precomputation for the first codomain [7]
gluing eval [109]
middle steps [10141]
last two steps [49]
splitting [326]
lifting the two basis [686]
4 xyz doubling [2418]
gluing comput [217]
precomputation for the first codomain [7]
gluing eval [108]
middle steps [10620]
last two steps [46]
splitting [325]
lifting the two basis [693]
4 xyz doubling [2414]
gluing comput [222]
precomputation for the first codomain [7]
gluing eval [110]
middle steps [10627]
last two steps [45]
splitting [328]
lifting the two basis [686]
4 xyz doubling [2418]
gluing comput [218]
precomputation for the first codomain [7]
gluing eval [110]
middle steps [10619]
last two steps [45]
splitting [323]
timing  keygen 155.258 ms  sign 159.413 ms  verify 36.578 ms (avg over 10)
wrote  kat/KAT_SIG_SQIsign2D-lvl1.txt (17574 bytes)
manifest a96a0b8068969ab3418d3ada3d2da6a9ca7e4f2da2a01095de63a40ccc65378e strict KAT_SIG_SQIsign2D-lvl1.txt
RESULT sign-26 SQIsign2D-lvl1 PASS 
