library     = lib/libCreTAKE-S2S-BiT128-ePLAC128.so
id          = kex-03
type        = kex
algorithm   = CreTAKE
instance    = CreTAKE-S2S-BiT128-ePLAC128
variant     = Reference_Implementation
source_dir  = Implementations/Reference_Implementation/CreTAKE128/CreTAKE-S2S-BiT128-ePLAC128
compiler    = gcc 15.2.0
build_flags = -std=c99 -Wpedantic -Wall -Wextra -O2 -fPIC -D_GNU_SOURCE -Wno-error=implicit-function-declaration -Wno-error=incompatible-poin
passes      = 2
pk_len      = 1048
sk_len      = 1864
sta_len     = 64
stb_len     = 32
ss_len      = 32
total_msg   = 4178
timing  full exchange 2.413 ms (avg over 10)
wrote  kat/KAT_KEX_CreTAKE-S2S-BiT128-ePLAC128.txt (207020 bytes)
manifest 3a69dda46a790c33a0a4dd6ca224dbc44d99e6a98fbfed5af03ab710dcd148c1 strict KAT_KEX_CreTAKE-S2S-BiT128-ePLAC128.txt
RESULT kex-03 CreTAKE-S2S-BiT128-ePLAC128 PASS 
