library     = lib/libCreTAKE-K2S-ZEN256-BiT256.so
id          = kex-03
type        = kex
algorithm   = CreTAKE
instance    = CreTAKE-K2S-ZEN256-BiT256
variant     = Reference_Implementation
source_dir  = Implementations/Reference_Implementation/CreTAKE256/CreTAKE-K2S-ZEN256-BiT256
compiler    = gcc 15.2.0
build_flags = -std=c99 -Wpedantic -Wall -Wextra -O2 -fPIC -D_GNU_SOURCE -Wno-error=implicit-function-declaration -Wno-error=incompatible-poin
passes      = 2
pk_len      = 2144
sk_len      = 4160
sta_len     = 2541
stb_len     = 64
ss_len      = 64
total_msg   = 6733
timing  full exchange 2.956 ms (avg over 10)
wrote  kat/KAT_KEX_CreTAKE-K2S-ZEN256-BiT256.txt (395240 bytes)
manifest 9927ec688809a8e75c6830be5327e391fbab947ddc732eb7c86c06855a449086 strict KAT_KEX_CreTAKE-K2S-ZEN256-BiT256.txt
RESULT kex-03 CreTAKE-K2S-ZEN256-BiT256 PASS 
