library     = lib/libCreTAKE-K2S-PLAC256-BiT256.so
id          = kex-03
type        = kex
algorithm   = CreTAKE
instance    = CreTAKE-K2S-PLAC256-BiT256
variant     = Reference_Implementation
source_dir  = Implementations/Reference_Implementation/CreTAKE256/CreTAKE-K2S-PLAC256-BiT256
compiler    = gcc 15.2.0
build_flags = -std=c99 -Wpedantic -Wall -Wextra -O2 -fPIC -D_GNU_SOURCE -Wno-error=implicit-function-declaration -Wno-error=incompatible-poin
passes      = 2
pk_len      = 2144
sk_len      = 4160
sta_len     = 3108
stb_len     = 64
ss_len      = 64
total_msg   = 7076
timing  full exchange 3.708 ms (avg over 10)
wrote  kat/KAT_KEX_CreTAKE-K2S-PLAC256-BiT256.txt (420760 bytes)
manifest 94c98d7158355b00344cc09bc8c1f0c2fb98c563339825a02e09aa2a1ee7aaee strict KAT_KEX_CreTAKE-K2S-PLAC256-BiT256.txt
RESULT kex-03 CreTAKE-K2S-PLAC256-BiT256 PASS 
