library     = lib/libCreTAKE-S2S-BiT128-eZEN128.so
id          = kex-03
type        = kex
algorithm   = CreTAKE
instance    = CreTAKE-S2S-BiT128-eZEN128
variant     = Reference_Implementation
source_dir  = Implementations/Reference_Implementation/CreTAKE128/CreTAKE-S2S-BiT128-eZEN128
compiler    = gcc 15.2.0
build_flags = -std=c99 -Wpedantic -Wall -Wextra -O2 -fPIC -D_GNU_SOURCE -Wno-error=implicit-function-declaration -Wno-error=incompatible-poin
passes      = 2
pk_len      = 1048
sk_len      = 1864
sta_len     = 64
stb_len     = 32
ss_len      = 32
total_msg   = 4135
timing  full exchange 2.402 ms (avg over 10)
wrote  kat/KAT_KEX_CreTAKE-S2S-BiT128-eZEN128.txt (206160 bytes)
manifest 0a50ce401f964e3d43ff6aa16e461c591f15dc4e5479ac44759575964d232039 strict KAT_KEX_CreTAKE-S2S-BiT128-eZEN128.txt
RESULT kex-03 CreTAKE-S2S-BiT128-eZEN128 PASS 
