library     = lib/libCreTAKE-S2S-BiT512-eZEN512.so
id          = kex-03
type        = kex
algorithm   = CreTAKE
instance    = CreTAKE-S2S-BiT512-eZEN512
variant     = Reference_Implementation
source_dir  = Implementations/Reference_Implementation/CreTAKE512/CreTAKE-S2S-BiT512-eZEN512
compiler    = gcc 15.2.0
build_flags = -std=c99 -Wpedantic -Wall -Wextra -O2 -fPIC -D_GNU_SOURCE -Wno-error=implicit-function-declaration -Wno-error=incompatible-poin
passes      = 2
pk_len      = 5056
sk_len      = 9024
sta_len     = 64
stb_len     = 128
ss_len      = 128
total_msg   = 17896
timing  full exchange 16.743 ms (avg over 10)
wrote  kat/KAT_KEX_CreTAKE-S2S-BiT512-eZEN512.txt (931960 bytes)
manifest 466414189da840fecc050b4db907bc7d53ad993043891c8be6d08239cb9d084e strict KAT_KEX_CreTAKE-S2S-BiT512-eZEN512.txt
RESULT kex-03 CreTAKE-S2S-BiT512-eZEN512 PASS 
