library     = lib/libCreTAKE-K2K-ZEN256.so
id          = kex-03
type        = kex
algorithm   = CreTAKE
instance    = CreTAKE-K2K-ZEN256
variant     = Reference_Implementation
source_dir  = Implementations/Reference_Implementation/CreTAKE256/CreTAKE-K2K-ZEN256
compiler    = gcc 15.2.0
build_flags = -std=c99 -Wpedantic -Wall -Wextra -O2 -fPIC -D_GNU_SOURCE -Wno-error=implicit-function-declaration -Wno-error=incompatible-poin
passes      = 2
pk_len      = 1229
sk_len      = 2605
sta_len     = 1120
stb_len     = 64
ss_len      = 64
total_msg   = 4301
timing  full exchange 1.347 ms (avg over 10)
wrote  kat/KAT_KEX_CreTAKE-K2K-ZEN256.txt (268780 bytes)
manifest a172c74c1af7e772681dd3e8bbf5221bd85eaba3fd9c327c9183143e68bfc2b2 strict KAT_KEX_CreTAKE-K2K-ZEN256.txt
RESULT kex-03 CreTAKE-K2K-ZEN256 PASS 
