library     = lib/libCreTAKE-K2S-ZEN512-BiT512.so
id          = kex-03
type        = kex
algorithm   = CreTAKE
instance    = CreTAKE-K2S-ZEN512-BiT512
variant     = Reference_Implementation
source_dir  = Implementations/Reference_Implementation/CreTAKE512/CreTAKE-K2S-ZEN512-BiT512
compiler    = gcc 15.2.0
build_flags = -std=c99 -Wpedantic -Wall -Wextra -O2 -fPIC -D_GNU_SOURCE -Wno-error=implicit-function-declaration -Wno-error=incompatible-poin
passes      = 2
pk_len      = 5056
sk_len      = 9024
sta_len     = 5082
stb_len     = 128
ss_len      = 128
total_msg   = 13249
timing  full exchange 8.882 ms (avg over 10)
wrote  kat/KAT_KEX_CreTAKE-K2S-ZEN512-BiT512.txt (811170 bytes)
manifest 25ff8653e1b23883694c028324f96527869893f36338ec0c227ae84a4b5fc501 strict KAT_KEX_CreTAKE-K2S-ZEN512-BiT512.txt
RESULT kex-03 CreTAKE-K2S-ZEN512-BiT512 PASS 
