library     = lib/libCreTAKE-S2K-BiT128-PLAC128.so
id          = kex-03
type        = kex
algorithm   = CreTAKE
instance    = CreTAKE-S2K-BiT128-PLAC128
variant     = Reference_Implementation
source_dir  = Implementations/Reference_Implementation/CreTAKE128/CreTAKE-S2K-BiT128-PLAC128
compiler    = gcc 15.2.0
build_flags = -std=c99 -Wpedantic -Wall -Wextra -O2 -fPIC -D_GNU_SOURCE -Wno-error=implicit-function-declaration -Wno-error=incompatible-poin
passes      = 2
pk_len      = 1048
sk_len      = 1864
sta_len     = 720
stb_len     = 32
ss_len      = 32
total_msg   = 3314
timing  full exchange 1.852 ms (avg over 10)
wrote  kat/KAT_KEX_CreTAKE-S2K-BiT128-PLAC128.txt (186610 bytes)
manifest f5f0a99ed418b3ab90e6f22b10acc432e24247f768379ab328689c0160450d04 strict KAT_KEX_CreTAKE-S2K-BiT128-PLAC128.txt
RESULT kex-03 CreTAKE-S2K-BiT128-PLAC128 PASS 
