library     = lib/libCreTAKE-S2K-BiT512-ZEN512.so
id          = kex-03
type        = kex
algorithm   = CreTAKE
instance    = CreTAKE-S2K-BiT512-ZEN512
variant     = Reference_Implementation
source_dir  = Implementations/Reference_Implementation/CreTAKE512/CreTAKE-S2K-BiT512-ZEN512
compiler    = gcc 15.2.0
build_flags = -std=c99 -Wpedantic -Wall -Wextra -O2 -fPIC -D_GNU_SOURCE -Wno-error=implicit-function-declaration -Wno-error=incompatible-poin
passes      = 2
pk_len      = 5056
sk_len      = 9024
sta_len     = 2176
stb_len     = 128
ss_len      = 128
total_msg   = 13249
timing  full exchange 9.168 ms (avg over 10)
wrote  kat/KAT_KEX_CreTAKE-S2K-BiT512-ZEN512.txt (753050 bytes)
manifest 150ed72c7e7e390f1d4bd94d77c76233523a0494e03e959173985d58c0a7e699 strict KAT_KEX_CreTAKE-S2K-BiT512-ZEN512.txt
RESULT kex-03 CreTAKE-S2K-BiT512-ZEN512 PASS 
