library     = lib/libCreTAKE-K2S-PLAC128-BiT128.so
id          = kex-03
type        = kex
algorithm   = CreTAKE
instance    = CreTAKE-K2S-PLAC128-BiT128
variant     = Reference_Implementation
source_dir  = Implementations/Reference_Implementation/CreTAKE128/CreTAKE-K2S-PLAC128-BiT128
compiler    = gcc 15.2.0
build_flags = -std=c99 -Wpedantic -Wall -Wextra -O2 -fPIC -D_GNU_SOURCE -Wno-error=implicit-function-declaration -Wno-error=incompatible-poin
passes      = 2
pk_len      = 1048
sk_len      = 1864
sta_len     = 1554
stb_len     = 32
ss_len      = 32
total_msg   = 3314
timing  full exchange 1.690 ms (avg over 10)
wrote  kat/KAT_KEX_CreTAKE-K2S-PLAC128-BiT128.txt (203300 bytes)
manifest 6f4e223928a7a703a42b0462ad6ed3cdf30d2fe2adcc99d0fce4286a90edc2a2 strict KAT_KEX_CreTAKE-K2S-PLAC128-BiT128.txt
RESULT kex-03 CreTAKE-K2S-PLAC128-BiT128 PASS 
