library     = lib/libCreTAKE-K2S-ZEN128-BiT128.so
id          = kex-03
type        = kex
algorithm   = CreTAKE
instance    = CreTAKE-K2S-ZEN128-BiT128
variant     = Reference_Implementation
source_dir  = Implementations/Reference_Implementation/CreTAKE128/CreTAKE-K2S-ZEN128-BiT128
compiler    = gcc 15.2.0
build_flags = -std=c99 -Wpedantic -Wall -Wextra -O2 -fPIC -D_GNU_SOURCE -Wno-error=implicit-function-declaration -Wno-error=incompatible-poin
passes      = 2
pk_len      = 1048
sk_len      = 1864
sta_len     = 1271
stb_len     = 32
ss_len      = 32
total_msg   = 3143
timing  full exchange 1.494 ms (avg over 10)
wrote  kat/KAT_KEX_CreTAKE-K2S-ZEN128-BiT128.txt (190580 bytes)
manifest 46b5d7d7ba17a2ed5322bfb6362dcb2fcd89600e79e4b254568101efee603356 strict KAT_KEX_CreTAKE-K2S-ZEN128-BiT128.txt
RESULT kex-03 CreTAKE-K2S-ZEN128-BiT128 PASS 
