library     = lib/libCreTAKE-K2K-ZEN512.so
id          = kex-03
type        = kex
algorithm   = CreTAKE
instance    = CreTAKE-K2K-ZEN512
variant     = Reference_Implementation
source_dir  = Implementations/Reference_Implementation/CreTAKE512/CreTAKE-K2K-ZEN512
compiler    = gcc 15.2.0
build_flags = -std=c99 -Wpedantic -Wall -Wextra -O2 -fPIC -D_GNU_SOURCE -Wno-error=implicit-function-declaration -Wno-error=incompatible-poin
passes      = 2
pk_len      = 2458
sk_len      = 5210
sta_len     = 2176
stb_len     = 128
ss_len      = 128
total_msg   = 8602
timing  full exchange 3.336 ms (avg over 10)
wrote  kat/KAT_KEX_CreTAKE-K2K-ZEN512.txt (531860 bytes)
manifest f9df374bac74c7eae366bc2211b95beb479b34f3e36039cba51e6f84f8d1a027 strict KAT_KEX_CreTAKE-K2K-ZEN512.txt
RESULT kex-03 CreTAKE-K2K-ZEN512 PASS 
