library     = lib/libCreTAKE-S2K-BiT128-ZEN128.so
id          = kex-03
type        = kex
algorithm   = CreTAKE
instance    = CreTAKE-S2K-BiT128-ZEN128
variant     = Reference_Implementation
source_dir  = Implementations/Reference_Implementation/CreTAKE128/CreTAKE-S2K-BiT128-ZEN128
compiler    = gcc 15.2.0
build_flags = -std=c99 -Wpedantic -Wall -Wextra -O2 -fPIC -D_GNU_SOURCE -Wno-error=implicit-function-declaration -Wno-error=incompatible-poin
passes      = 2
pk_len      = 1048
sk_len      = 1864
sta_len     = 592
stb_len     = 32
ss_len      = 32
total_msg   = 3143
timing  full exchange 1.780 ms (avg over 10)
wrote  kat/KAT_KEX_CreTAKE-S2K-BiT128-ZEN128.txt (176990 bytes)
manifest 0a0e64cf7dc3156e6d587ba695fab7301fcd67d93ea39aeffefca57064cfa8be strict KAT_KEX_CreTAKE-S2K-BiT128-ZEN128.txt
RESULT kex-03 CreTAKE-S2K-BiT128-ZEN128 PASS 
