library     = lib/libCreTAKE-S2S-BiT256-eZEN256.so
id          = kex-03
type        = kex
algorithm   = CreTAKE
instance    = CreTAKE-S2S-BiT256-eZEN256
variant     = Reference_Implementation
source_dir  = Implementations/Reference_Implementation/CreTAKE256/CreTAKE-S2S-BiT256-eZEN256
compiler    = gcc 15.2.0
build_flags = -std=c99 -Wpedantic -Wall -Wextra -O2 -fPIC -D_GNU_SOURCE -Wno-error=implicit-function-declaration -Wno-error=incompatible-poin
passes      = 2
pk_len      = 2144
sk_len      = 4160
sta_len     = 64
stb_len     = 64
ss_len      = 64
total_msg   = 9165
timing  full exchange 4.443 ms (avg over 10)
wrote  kat/KAT_KEX_CreTAKE-S2S-BiT256-eZEN256.txt (443720 bytes)
manifest c5982f28bc3b040fda8875120fd6c485eafcae8447e7d043782c2cddad01e80b strict KAT_KEX_CreTAKE-S2S-BiT256-eZEN256.txt
RESULT kex-03 CreTAKE-S2S-BiT256-eZEN256 PASS 
