library     = lib/libCreTAKE-S2K-BiT256-ZEN256.so
id          = kex-03
type        = kex
algorithm   = CreTAKE
instance    = CreTAKE-S2K-BiT256-ZEN256
variant     = Reference_Implementation
source_dir  = Implementations/Reference_Implementation/CreTAKE256/CreTAKE-S2K-BiT256-ZEN256
compiler    = gcc 15.2.0
build_flags = -std=c99 -Wpedantic -Wall -Wextra -O2 -fPIC -D_GNU_SOURCE -Wno-error=implicit-function-declaration -Wno-error=incompatible-poin
passes      = 2
pk_len      = 2144
sk_len      = 4160
sta_len     = 1120
stb_len     = 64
ss_len      = 64
total_msg   = 6733
timing  full exchange 3.327 ms (avg over 10)
wrote  kat/KAT_KEX_CreTAKE-S2K-BiT256-ZEN256.txt (366820 bytes)
manifest c5ad0c9ec07921eb0ef8cab4c8e46d0f49ad0605a724f6bd4cbaa082b7d6b7df strict KAT_KEX_CreTAKE-S2K-BiT256-ZEN256.txt
RESULT kex-03 CreTAKE-S2K-BiT256-ZEN256 PASS 
