
=== n=400 k=200 k1=100 k2=100  (keygen+dual 1.4s)
  dim C^2                      structured=  400  random=  400
  dim (C^perp)^2               structured=  400  random=  400
  dim C*C^perp                 structured=  399  random=  399
  hull dim                     structured=    0  random=    0
  dim T^2 (uu)D secret         structured=  200  random=    -
  dim S^2 (x,-x)D' secret      structured=  199  random=    -
  dim T*S secret               structured=  200  random=    -
  dim T*C^perp secret          structured=  399  random=    -
  dim C*S secret               structured=  399  random=    -
  [34.2s]
  shortened at s random positions: (dim, square dim) structured vs random
    s=   2 n'= 398: C^perp (198,398) vs (198,398);  C (198,398) vs (198,398)
    s=  10 n'= 390: C^perp (190,390) vs (190,390);  C (190,390) vs (190,390)
    s=  50 n'= 350: C^perp (150,350) vs (150,350);  C (150,350) vs (150,350)
    s= 100 n'= 300: C^perp (100,300) vs (100,300);  C (100,300) vs (100,300)
    s= 180 n'= 220: C^perp (20,210) vs (20,210);  C (20,210) vs (20,210)
    s= 188 n'= 212: C^perp (12,78) vs (12,78);  C (12,78) vs (12,78)
    s= 194 n'= 206: C^perp (6,21) vs (6,21);  C (6,21) vs (6,21)
  punctured at s random positions: (dim, square dim) structured vs random
    s=   2 n'= 398: C^perp (200,398) vs (200,398)
    s=  50 n'= 350: C^perp (200,350) vs (200,350)
    s= 100 n'= 300: C^perp (200,300) vs (200,300)
    s= 188 n'= 212: C^perp (200,212) vs (200,212)
    s= 198 n'= 202: C^perp (200,202) vs (200,202)
  shortened at p true pairs (secret): (dim, square dim) structured vs random code shortened at 2p positions
    p=  80 (2p=160) n'= 240: C^perp (40,240) vs random (40,240); generic min(n',k'(k'+1)/2)=240 structured bound<=240
    p=  90 (2p=180) n'= 220: C^perp (20,174) vs random (20,210); generic min(n',k'(k'+1)/2)=210 structured bound<=174
    p=  93 (2p=186) n'= 214: C^perp (14,90) vs random (14,105); generic min(n',k'(k'+1)/2)=105 structured bound<=90
    p=  96 (2p=192) n'= 208: C^perp (8,33) vs random (8,36); generic min(n',k'(k'+1)/2)=36 structured bound<=33
  [71.2s total]

=== n=860 k=430 k1=215 k2=215  (keygen+dual 11.7s)
  dim C^2                      structured=  860  random=  860
  dim (C^perp)^2               structured=  860  random=  860
  dim C*C^perp                 structured=  859  random=  859
  hull dim                     structured=    0  random=    0
  dim T^2 (uu)D secret         structured=  430  random=    -
  dim S^2 (x,-x)D' secret      structured=  429  random=    -
  dim T*S secret               structured=  430  random=    -
  dim T*C^perp secret          structured=  859  random=    -
  dim C*S secret               structured=  859  random=    -
  [279.6s]
  shortened at s random positions: (dim, square dim) structured vs random
    s=   2 n'= 858: C^perp (428,858) vs (428,858);  C (428,858) vs (428,858)
    s=  10 n'= 850: C^perp (420,850) vs (420,850);  C (420,850) vs (420,850)
    s= 107 n'= 753: C^perp (323,753) vs (323,753);  C (323,753) vs (323,753)
    s= 215 n'= 645: C^perp (215,645) vs (215,645);  C (215,645) vs (215,645)
    s= 387 n'= 473: C^perp (43,473) vs (43,473);  C (43,473) vs (43,473)
    s= 418 n'= 442: C^perp (12,78) vs (12,78);  C (12,78) vs (12,78)
    s= 424 n'= 436: C^perp (6,21) vs (6,21);  C (6,21) vs (6,21)
  punctured at s random positions: (dim, square dim) structured vs random
    s=   2 n'= 858: C^perp (430,858) vs (430,858)
    s= 107 n'= 753: C^perp (430,753) vs (430,753)
    s= 215 n'= 645: C^perp (430,645) vs (430,645)
    s= 418 n'= 442: C^perp (430,442) vs (430,442)
    s= 428 n'= 432: C^perp (430,432) vs (430,432)
  shortened at p true pairs (secret): (dim, square dim) structured vs random code shortened at 2p positions
    p= 172 (2p=344) n'= 516: C^perp (86,516) vs random (86,516); generic min(n',k'(k'+1)/2)=516 structured bound<=516
    p= 193 (2p=386) n'= 474: C^perp (44,474) vs random (44,474); generic min(n',k'(k'+1)/2)=474 structured bound<=474
    p= 199 (2p=398) n'= 462: C^perp (32,423) vs random (32,462); generic min(n',k'(k'+1)/2)=462 structured bound<=423
    p= 206 (2p=412) n'= 448: C^perp (18,143) vs random (18,171); generic min(n',k'(k'+1)/2)=171 structured bound<=143
  [505.6s total]
