
=== n=60 k=30 k1=15 k2=15  (keygen+dual 0.0s)
  dim C^2                      structured=   60  random=   60
  dim (C^perp)^2               structured=   60  random=   60
  dim C*C^perp                 structured=   59  random=   59
  hull dim                     structured=    0  random=    0
  dim T^2 (uu)D secret         structured=   30  random=    -
  dim S^2 (x,-x)D' secret      structured=   29  random=    -
  dim T*S secret               structured=   30  random=    -
  dim T*C^perp secret          structured=   59  random=    -
  dim C*S secret               structured=   59  random=    -
  [0.4s]
  shortened at s random positions: (dim, square dim) structured vs random
    s=   2 n'=  58: C^perp (28,58) vs (28,58);  C (28,58) vs (28,58)
    s=   7 n'=  53: C^perp (23,53) vs (23,53);  C (23,53) vs (23,53)
    s=  10 n'=  50: C^perp (20,50) vs (20,50);  C (20,50) vs (20,50)
    s=  15 n'=  45: C^perp (15,45) vs (15,45);  C (15,45) vs (15,45)
    s=  18 n'=  42: C^perp (12,42) vs (12,42);  C (12,42) vs (12,42)
    s=  24 n'=  36: C^perp (6,21) vs (6,21);  C (6,21) vs (6,21)
    s=  27 n'=  33: C^perp (3,6) vs (3,6);  C (3,6) vs (3,6)
  punctured at s random positions: (dim, square dim) structured vs random
    s=   2 n'=  58: C^perp (30,58) vs (30,58)
    s=   7 n'=  53: C^perp (30,53) vs (30,53)
    s=  15 n'=  45: C^perp (30,45) vs (30,45)
    s=  18 n'=  42: C^perp (30,42) vs (30,42)
    s=  28 n'=  32: C^perp (30,32) vs (30,32)
  shortened at p true pairs (secret): (dim, square dim) structured vs random code shortened at 2p positions
    p=  12 (2p=24) n'=  36: C^perp (6,20) vs random (6,21); generic min(n',k'(k'+1)/2)=21 structured bound<=20
    p=  13 (2p=26) n'=  34: C^perp (4,10) vs random (4,10); generic min(n',k'(k'+1)/2)=10 structured bound<=10
    p=  14 (2p=28) n'=  32: C^perp (2,3) vs random (2,3); generic min(n',k'(k'+1)/2)=3 structured bound<=3
  [0.8s total]

=== n=100 k=50 k1=25 k2=25  (keygen+dual 0.0s)
  dim C^2                      structured=  100  random=  100
  dim (C^perp)^2               structured=  100  random=  100
  dim C*C^perp                 structured=   99  random=   99
  hull dim                     structured=    0  random=    0
  dim T^2 (uu)D secret         structured=   50  random=    -
  dim S^2 (x,-x)D' secret      structured=   49  random=    -
  dim T*S secret               structured=   50  random=    -
  dim T*C^perp secret          structured=   99  random=    -
  dim C*S secret               structured=   99  random=    -
  [1.1s]
  shortened at s random positions: (dim, square dim) structured vs random
    s=   2 n'=  98: C^perp (48,98) vs (48,98);  C (48,98) vs (48,98)
    s=  10 n'=  90: C^perp (40,90) vs (40,90);  C (40,90) vs (40,90)
    s=  12 n'=  88: C^perp (38,88) vs (38,88);  C (38,88) vs (38,88)
    s=  25 n'=  75: C^perp (25,75) vs (25,75);  C (25,75) vs (25,75)
    s=  38 n'=  62: C^perp (12,62) vs (12,62);  C (12,62) vs (12,62)
    s=  44 n'=  56: C^perp (6,21) vs (6,21);  C (6,21) vs (6,21)
    s=  45 n'=  55: C^perp (5,15) vs (5,15);  C (5,15) vs (5,15)
  punctured at s random positions: (dim, square dim) structured vs random
    s=   2 n'=  98: C^perp (50,98) vs (50,98)
    s=  12 n'=  88: C^perp (50,88) vs (50,88)
    s=  25 n'=  75: C^perp (50,75) vs (50,75)
    s=  38 n'=  62: C^perp (50,62) vs (50,62)
    s=  48 n'=  52: C^perp (50,52) vs (50,52)
  shortened at p true pairs (secret): (dim, square dim) structured vs random code shortened at 2p positions
    p=  20 (2p=40) n'=  60: C^perp (10,49) vs random (10,55); generic min(n',k'(k'+1)/2)=55 structured bound<=49
    p=  22 (2p=44) n'=  56: C^perp (6,20) vs random (6,21); generic min(n',k'(k'+1)/2)=21 structured bound<=20
    p=  23 (2p=46) n'=  54: C^perp (4,10) vs random (4,10); generic min(n',k'(k'+1)/2)=10 structured bound<=10
    p=  24 (2p=48) n'=  52: C^perp (2,3) vs random (2,3); generic min(n',k'(k'+1)/2)=3 structured bound<=3
  [2.3s total]

=== n=200 k=100 k1=50 k2=50  (keygen+dual 0.2s)
  dim C^2                      structured=  200  random=  200
  dim (C^perp)^2               structured=  200  random=  200
  dim C*C^perp                 structured=  199  random=  199
  hull dim                     structured=    0  random=    0
  dim T^2 (uu)D secret         structured=  100  random=    -
  dim S^2 (x,-x)D' secret      structured=   99  random=    -
  dim T*S secret               structured=  100  random=    -
  dim T*C^perp secret          structured=  199  random=    -
  dim C*S secret               structured=  199  random=    -
  [5.9s]
  shortened at s random positions: (dim, square dim) structured vs random
    s=   2 n'= 198: C^perp (98,198) vs (98,198);  C (98,198) vs (98,198)
    s=  10 n'= 190: C^perp (90,190) vs (90,190);  C (90,190) vs (90,190)
    s=  25 n'= 175: C^perp (75,175) vs (75,175);  C (75,175) vs (75,175)
    s=  50 n'= 150: C^perp (50,150) vs (50,150);  C (50,150) vs (50,150)
    s=  88 n'= 112: C^perp (12,78) vs (12,78);  C (12,78) vs (12,78)
    s=  90 n'= 110: C^perp (10,55) vs (10,55);  C (10,55) vs (10,55)
    s=  94 n'= 106: C^perp (6,21) vs (6,21);  C (6,21) vs (6,21)
  punctured at s random positions: (dim, square dim) structured vs random
    s=   2 n'= 198: C^perp (100,198) vs (100,198)
    s=  25 n'= 175: C^perp (100,175) vs (100,175)
    s=  50 n'= 150: C^perp (100,150) vs (100,150)
    s=  88 n'= 112: C^perp (100,112) vs (100,112)
    s=  98 n'= 102: C^perp (100,102) vs (100,102)
  shortened at p true pairs (secret): (dim, square dim) structured vs random code shortened at 2p positions
    p=  40 (2p=80) n'= 120: C^perp (20,120) vs random (20,120); generic min(n',k'(k'+1)/2)=120 structured bound<=120
    p=  45 (2p=90) n'= 110: C^perp (10,49) vs random (10,55); generic min(n',k'(k'+1)/2)=55 structured bound<=49
    p=  46 (2p=92) n'= 108: C^perp (8,33) vs random (8,36); generic min(n',k'(k'+1)/2)=36 structured bound<=33
    p=  48 (2p=96) n'= 104: C^perp (4,10) vs random (4,10); generic min(n',k'(k'+1)/2)=10 structured bound<=10
  [11.7s total]
