 420      380.64          -inf      765.48     -384.84
 430      424.58          -inf      853.37     -428.78
 432      433.33        434.05      870.86     -437.53
 434      442.07        441.79      888.33     -446.27
 440      468.19        468.19      940.58     -472.39
 460      554.40        554.40     1112.99     -558.60
first weight with E1>=1: 338; E2>=1: 336; dual exact GRS-doubled E1>=1: 432
E2/E1 at t=430: 2^428.8 (spec: 2^428)
random [430,215]: first weight with >=1 expected word: 169 (GRS[430,215] min distance 216); random [860,430]: 336
t=336: nsolutions=2^0.6  best Stern log2 time=515.32 (mem 48.2)  log2 F/P = 517.94
t=380: nsolutions=2^407.2  best Stern log2 time=29.96 (mem 21.6)  log2 F/P = 235.67
t=410: nsolutions=2^676.9  best Stern log2 time=29.96 (mem 21.6)  log2 F/P = 370.52
t=420: nsolutions=2^765.5  best Stern log2 time=29.96 (mem 21.6)  log2 F/P = 414.80
message SD, best: ('Stern', 146.54658169230126)
expected pairs with both coords in supp(e): 7.765; expected cancelled positions: 0.01797
  P(>= 1 cancelled) ~ 2^-5.8
  P(>= 2 cancelled) ~ 2^-12.6
  P(>= 3 cancelled) ~ 2^-20.0
  P(>= 4 cancelled) ~ 2^-27.8
  P(>= 5 cancelled) ~ 2^-35.9
  P(>= 6 cancelled) ~ 2^-44.3
  P(>= 7 cancelled) ~ 2^-53.0
