t  log2F(Stern,q-ary)  log2P  log2F/P
 336   516.24     -2.62    518.85
 346   448.01    -49.16    497.17
 356   381.94    -95.62    477.56
 366   318.24   -141.73    459.97
 376   257.22   -187.50    444.72
 386   199.31   -232.92    432.23
 396   145.11   -278.01    423.12
 400   124.69   -295.95    420.63
 402   114.78   -304.90    419.68
 404   104.99   -313.83    418.83
 406    95.23   -322.76    417.99
 408    85.71   -331.67    417.37
 410    76.43   -340.56    416.99
 412    67.42   -349.45    416.87
 414    58.71   -358.31    417.03
 416    50.33   -367.17    417.50
 418    42.31   -376.01    418.32
 420    38.13   -384.84    422.97
 422    32.12   -393.66    425.78
 424    30.38   -402.46    432.84
 426    29.97   -411.25    441.22
 428    29.97   -420.02    449.99
 430    30.38   -428.78    459.16
min log2 F/P = (416.8691555469571, 412, 67.42358671570564)
