library     = lib/libLoomKEX-256.so
id          = kex-05
type        = kex
algorithm   = Loom
instance    = LoomKEX-256
variant     = Reference_Implementation
source_dir  = Implementations and Test_Vectors/Implementations/Reference_Implementation/LoomKEX-256
compiler    = gcc 15.2.0
build_flags = -std=c99 -Wpedantic -Wall -Wextra -O2 -fPIC -D_GNU_SOURCE -Wno-error=implicit-function-declaration -Wno-error=incompatible-poin
passes      = 4
pk_len      = 1952
sk_len      = 3680
sta_len     = 4609
stb_len     = 4609
ss_len      = 32
total_msg   = 7706
timing  full exchange 15.744 ms (avg over 10)
wrote  kat/KAT_KEX_LoomKEX-256.txt (938720 bytes)
manifest cf4a55ebd8686d00f7abb1554454d9dbb6b201689844c1b3ba402b1d553e1f65 strict KAT_KEX_LoomKEX-256.txt
RESULT kex-05 LoomKEX-256 PASS 
