library     = lib/libADKEX-512.so
id          = kex-01
type        = kex
algorithm   = ADKEX
instance    = ADKEX-512
variant     = Reference_Implementation
source_dir  = Implementations/Reference_Implementation/ADKEX-512
compiler    = gcc 15.2.0
build_flags = -std=c99 -Wpedantic -Wall -Wextra -O2 -fPIC -D_GNU_SOURCE -Wno-error=implicit-function-declaration -Wno-error=incompatible-poin
passes      = 2
pk_len      = 3392
sk_len      = 6784
sta_len     = 13376
stb_len     = 192
ss_len      = 64
total_msg   = 9664
timing  full exchange 5.096 ms (avg over 10)
wrote  kat/KAT_KEX_ADKEX-512.txt (673840 bytes)
manifest c929da1aa8d8821579160c88a39cafc1bbf8a96010daa5640d8073b92f0cb7dc strict KAT_KEX_ADKEX-512.txt
RESULT kex-01 ADKEX-512 PASS 
