library     = lib/libNEV_AKE_1024_1409.so
id          = kex-07
type        = kex
algorithm   = NEV-AKE
instance    = NEV_AKE_1024_1409_ICCS
variant     = Reference_Implementation
source_dir  = Implementations and Test_Vectors/Implementations/Reference_Implementation/NEV-AKE-R2
compiler    = gcc 15.2.0
build_flags = -std=c99 -Wpedantic -Wall -Wextra -O2 -fPIC -D_GNU_SOURCE -Wno-error=implicit-function-declaration -Wno-error=incompatible-poin
passes      = 2
pk_len      = 1344
sk_len      = 2720
sta_len     = 4064
stb_len     = 32
ss_len      = 32
total_msg   = 2688
timing  full exchange 1.489 ms (avg over 10)
wrote  kat/KAT_KEX_NEV_AKE_1024_1409_ICCS.txt (439040 bytes)
manifest a26be233a5ac61a37bd658b8f61e559dabb75657454812d5fdce6209dc6b94ca strict KAT_KEX_NEV_AKE_1024_1409_ICCS.txt
RESULT kex-07 NEV_AKE_1024_1409_ICCS PASS 
