library     = lib/libNEV_AKE_2048_1409.so
id          = kex-07
type        = kex
algorithm   = NEV-AKE
instance    = NEV_AKE_2048_1409_ICCS
variant     = Reference_Implementation
source_dir  = Implementations and Test_Vectors/Implementations/Reference_Implementation/NEV-AKE-R3
compiler    = gcc 15.2.0
build_flags = -std=c99 -Wpedantic -Wall -Wextra -O2 -fPIC -D_GNU_SOURCE -Wno-error=implicit-function-declaration -Wno-error=incompatible-poin
passes      = 2
pk_len      = 2688
sk_len      = 5440
sta_len     = 8128
stb_len     = 64
ss_len      = 64
total_msg   = 5376
timing  full exchange 3.344 ms (avg over 10)
wrote  kat/KAT_KEX_NEV_AKE_2048_1409_ICCS.txt (873600 bytes)
manifest 7a239d1e71e3b725c3a63cfc2a44ce1ec70749128307d70274bca6eb81ea41f5 strict KAT_KEX_NEV_AKE_2048_1409_ICCS.txt
RESULT kex-07 NEV_AKE_2048_1409_ICCS PASS 
