library     = lib/libNEV_AKE_1024_769.so
id          = kex-07
type        = kex
algorithm   = NEV-AKE
instance    = NEV_AKE_1024_769_ICCS
variant     = Reference_Implementation
source_dir  = Implementations and Test_Vectors/Implementations/Reference_Implementation/NEV-AKE-C2
compiler    = gcc 15.2.0
build_flags = -std=c99 -Wpedantic -Wall -Wextra -O2 -fPIC -D_GNU_SOURCE -Wno-error=implicit-function-declaration -Wno-error=incompatible-poin
passes      = 2
pk_len      = 1229
sk_len      = 2490
sta_len     = 3719
stb_len     = 32
ss_len      = 32
total_msg   = 2458
timing  full exchange 1.243 ms (avg over 10)
wrote  kat/KAT_KEX_NEV_AKE_1024_769_ICCS.txt (402240 bytes)
manifest fec9e5268fb086dba2cb3da406399cfba4cbaa5d00cf9664f1d828c2824751c2 strict KAT_KEX_NEV_AKE_1024_769_ICCS.txt
RESULT kex-07 NEV_AKE_1024_769_ICCS PASS 
