library     = lib/libNEV_AKE_2048_769_C.so
id          = kex-07
type        = kex
algorithm   = NEV-AKE
instance    = NEV_AKE_2048_769_C_ICCS
variant     = Reference_Implementation
source_dir  = Implementations and Test_Vectors/Implementations/Reference_Implementation/NEV-AKE-C3-c
compiler    = gcc 15.2.0
build_flags = -std=c99 -Wpedantic -Wall -Wextra -O2 -fPIC -D_GNU_SOURCE -Wno-error=implicit-function-declaration -Wno-error=incompatible-poin
passes      = 2
pk_len      = 2458
sk_len      = 4980
sta_len     = 7028
stb_len     = 64
ss_len      = 64
total_msg   = 4506
timing  full exchange 2.719 ms (avg over 10)
wrote  kat/KAT_KEX_NEV_AKE_2048_769_C_ICCS.txt (767200 bytes)
manifest aa8ef5d24ea9efcc378a6e3cfbe199ea177c5e764d91f8ccc105c4f57530dc15 strict KAT_KEX_NEV_AKE_2048_769_C_ICCS.txt
RESULT kex-07 NEV_AKE_2048_769_C_ICCS PASS 
