library     = lib/libNEV_AKE_2048_769.so
id          = kex-07
type        = kex
algorithm   = NEV-AKE
instance    = NEV_AKE_2048_769_ICCS
variant     = Reference_Implementation
source_dir  = Implementations and Test_Vectors/Implementations/Reference_Implementation/NEV-AKE-C3
compiler    = gcc 15.2.0
build_flags = -std=c99 -Wpedantic -Wall -Wextra -O2 -fPIC -D_GNU_SOURCE -Wno-error=implicit-function-declaration -Wno-error=incompatible-poin
passes      = 2
pk_len      = 2458
sk_len      = 4980
sta_len     = 7438
stb_len     = 64
ss_len      = 64
total_msg   = 4916
timing  full exchange 3.479 ms (avg over 10)
wrote  kat/KAT_KEX_NEV_AKE_2048_769_ICCS.txt (800000 bytes)
manifest c9fcd48a731b89c4212b2bb112fdd1688fa1901b892d26f3a70e66031a908292 strict KAT_KEX_NEV_AKE_2048_769_ICCS.txt
RESULT kex-07 NEV_AKE_2048_769_ICCS PASS 
