library     = lib/libNEV_AKE_512_769_C.so
id          = kex-07
type        = kex
algorithm   = NEV-AKE
instance    = NEV_AKE_512_769_C_ICCS
variant     = Reference_Implementation
source_dir  = Implementations and Test_Vectors/Implementations/Reference_Implementation/NEV-AKE-C1-c
compiler    = gcc 15.2.0
build_flags = -std=c99 -Wpedantic -Wall -Wextra -O2 -fPIC -D_GNU_SOURCE -Wno-error=implicit-function-declaration -Wno-error=incompatible-poin
passes      = 2
pk_len      = 615
sk_len      = 1246
sta_len     = 1758
stb_len     = 16
ss_len      = 16
total_msg   = 1127
timing  full exchange 0.589 ms (avg over 10)
wrote  kat/KAT_KEX_NEV_AKE_512_769_C_ICCS.txt (195260 bytes)
manifest 30473ee6da477d63c050bfd01b1256879b4439eeb8e96a6625c6fd0fa2f1ff31 strict KAT_KEX_NEV_AKE_512_769_C_ICCS.txt
RESULT kex-07 NEV_AKE_512_769_C_ICCS PASS 
