instance = pseudohash-1024
library = performance/iccs/lib/libpseudohash-1024.so
model = api/auxfunc.c semantics on hashlib SM3 (sm3)
ok   len=0 rc=0 22bbf8cc348748e1c19331d7333faa62...
ok   len=1 rc=0 5c06db9ecb1147e5d548bc79caf8c8c2...
ok   len=3 rc=0 4cef658f82146b0b30692a5e3d4d69f6...
ok   len=31 rc=0 5f75e62a6cb016d265187970843fdd09...
ok   len=32 rc=0 8e71e5f19423e6168c2bdb7d8e72a822...
ok   len=55 rc=0 e824becf472cc6a2a69d59ddd4a4ac1c...
ok   len=56 rc=0 a8e4f0da74d8949fdab447ed7fbdbf6f...
ok   len=63 rc=0 f6b32725cd89344cc784e13138cf0e63...
ok   len=64 rc=0 cddf9744d5191b1762fda04b70ef4aaa...
ok   len=65 rc=0 7fd9951143bb0fb3c1bf2b10e2d96127...
ok   len=119 rc=0 24f3b1e33b7282e5c8ad9a8915a3e189...
ok   len=128 rc=0 238d36014c7432a7a8f22077cdb06095...
ok   len=512 rc=0 ec4719edb074c7affec424f75dd43870...
ok   len=1024 rc=0 3e2225b4b255ca6ec120f35b6bef2e3c...
ok   len=4096 rc=0 b36a1335a6e8eee86f997f916a5906fe...
ok   len=8192 rc=0 3fc0157b52c31709e37cadb9bfc4b24f...
ok   len=16384 rc=0 008820808f799749a8d203e14449839e...
ok   len=65536 rc=0 d26ddfce9ce10762f4debe2095ce45c7...
RESULT iccs pseudohash-1024 PASS (18/18)
