instance = pseudoXOF-256
library = performance/iccs/lib/libpseudoXOF-256.so
model = api/auxfunc.c semantics on hashlib SM3 (sm3)
ok   len=0 rc=0 88c0cffa4c713446a03f1fff1630aa63...
ok   len=1 rc=0 63a6374b62bfdd4da2bf0dd1a5486e21...
ok   len=3 rc=0 7b51547f0ba1e5aff2099274d0a731a9...
ok   len=31 rc=0 0630a5901555d82f244876ea1970a3eb...
ok   len=32 rc=0 852eea2d7221581665ce9fabf701bb54...
ok   len=55 rc=0 c8cd784a125dd444de313d0117e5e5c5...
ok   len=56 rc=0 77719934f508ec7adeb075f849425ae4...
ok   len=63 rc=0 ef161d8f4d11b86ac5fa26c4ab678209...
ok   len=64 rc=0 65ed6522c59ba3525f5b3f0a32bdeb11...
ok   len=65 rc=0 372079f4981529a3ef0ffb649f30280f...
ok   len=119 rc=0 b5631e9a17e21d73341732c3ca2169bb...
ok   len=128 rc=0 172b1267018bcea489d1219e4214e949...
ok   len=512 rc=0 913a1e84fe3912ce67ee0a2cb15477ae...
ok   len=1024 rc=0 f98a78bc688df2a8ff42a97bb78c9ecb...
ok   len=4096 rc=0 4be8ada8ac005d2c417a756230529691...
ok   len=8192 rc=0 e8519c2d80c0a1ea49661292d1db6b71...
ok   len=16384 rc=0 a1f32f630256fe2ebde06ac4f8a09b63...
ok   len=65536 rc=0 ac428e443377fbad4d46ec9825af3cea...
RESULT iccs pseudoXOF-256 PASS (18/18)
