instance = pseudohash-512
library = performance/iccs/lib/libpseudohash-512.so
model = api/auxfunc.c semantics on hashlib SM3 (sm3)
ok   len=0 rc=0 958f69c7d26f0f69d6d674fc4b8ad58c...
ok   len=1 rc=0 f587b9e645d6a47d68e21564faa49e46...
ok   len=3 rc=0 023fff61871489a2a03eeec5e07a4513...
ok   len=31 rc=0 fc7e8a390e1cd37de1470464b25e04b4...
ok   len=32 rc=0 8b02e44715679a853a539bbfe5c6d8a0...
ok   len=55 rc=0 6c4198d6ffa0ccaec5fcda5764589739...
ok   len=56 rc=0 fb3ebfd61b6f4dd66d213e531cc4a082...
ok   len=63 rc=0 95d2d512018c93cb56790365151eb53d...
ok   len=64 rc=0 f015dc28725c3ef2224c68463a670d05...
ok   len=65 rc=0 b0bfd989ea4a56f5b5441f0d25dad173...
ok   len=119 rc=0 0dd3145679de0f0cde919475bb886a4a...
ok   len=128 rc=0 f42b6c7f587106defaa105927d4f3676...
ok   len=512 rc=0 efa557802e11b883abf8bf229a479dd0...
ok   len=1024 rc=0 8e69e665f95061c8d92bed9f98ad72ea...
ok   len=4096 rc=0 9ced47b3a97ceea8676e8ad13a44f2cb...
ok   len=8192 rc=0 4372a849742761d692662f904d127d1b...
ok   len=16384 rc=0 e2807af1f0aa5397436591feecd2fa8b...
ok   len=65536 rc=0 ee5e2b0ab94b8727b8db025266891b20...
RESULT iccs pseudohash-512 PASS (18/18)
