instance = pseudohash-768
library = performance/iccs/lib/libpseudohash-768.so
model = api/auxfunc.c semantics on hashlib SM3 (sm3)
ok   len=0 rc=0 5ac839fa52adca78d8d156654416a2a5...
ok   len=1 rc=0 cda79cfb1abb77a0b3b06aed650788ff...
ok   len=3 rc=0 efe9756c3d60bbb87b945df858087629...
ok   len=31 rc=0 13af92a6d2a954b356fa122b95764bad...
ok   len=32 rc=0 e5ced428896b0f3d15cf36dafc968b2d...
ok   len=55 rc=0 043adb43d4c0e3765e93667afc822230...
ok   len=56 rc=0 4764311737a7fd25f6fcef94759cc230...
ok   len=63 rc=0 f8d5ea95cabf1f7b1140d162903c9d04...
ok   len=64 rc=0 a9039e9b960df5430deae3bc84695b56...
ok   len=65 rc=0 de72456e9ab9fd1c1250f8059fff78b7...
ok   len=119 rc=0 1d4dd9e4f7c0322077cec6036daea684...
ok   len=128 rc=0 fb8a919a7bb480555f90ada1aba445c9...
ok   len=512 rc=0 724097d3c7aa32de5639b1c1b41d5a60...
ok   len=1024 rc=0 f8994b819ea5e2a0787e50eb5ba5d5fb...
ok   len=4096 rc=0 74d1541e86ea2501ea5fc9154c24bb96...
ok   len=8192 rc=0 09ce75ac5b0bf1d9cc30b73ad89970d0...
ok   len=16384 rc=0 0f1c31983fb5f98b5789b7f9accd8bb1...
ok   len=65536 rc=0 c12efa7d7d7a8d404f52d567a7b2e2ef...
RESULT iccs pseudohash-768 PASS (18/18)
