instance = sm3hash-256
library = performance/iccs/lib/libsm3hash-256.so
model = api/auxfunc.c semantics on hashlib SM3 (sm3)
ok   len=0 rc=0 1ab21d8355cfa17f8e61194831e81a8f...
ok   len=1 rc=0 799b719ac031fc89c6d8925a487dad07...
ok   len=3 rc=0 9942e6312deab40145c588f6af44d59d...
ok   len=31 rc=0 e6f7e1327a179a7297150829fdacee24...
ok   len=32 rc=0 8e0d82399cd3112d2194e6679565589e...
ok   len=55 rc=0 1b054d2273b72898f72f0c5fdab0d135...
ok   len=56 rc=0 3314c3103d64dcbdad4a28a4bdd827b5...
ok   len=63 rc=0 5078a2d8ecfed3150e7893e246fa8f0c...
ok   len=64 rc=0 63bec16a53556235bbb515168e370cb8...
ok   len=65 rc=0 7707917e48fe510e5ffc5f7c71c4d76f...
ok   len=119 rc=0 f5d3d0106ddb56c5e63b92f409163c25...
ok   len=128 rc=0 7e4d79172d70846cc6d582f5f1263b8f...
ok   len=512 rc=0 a341b90bd3787b3448d1642b8be85579...
ok   len=1024 rc=0 d2aaac10bbb40a6ea7f33b2f9cb82e43...
ok   len=4096 rc=0 745e33c5cf26b63b3615cef33143aa5c...
ok   len=8192 rc=0 ec9d3e966328f95d39f29ca8429a342d...
ok   len=16384 rc=0 4520728d0960a37c284c3085e4e62bb8...
ok   len=65536 rc=0 416eeb17c935673101cb85cfd51f844a...
ok   GB/T 32905 abc rc=0 66c7f0f462eeedd9d1f2d46bdc10e4e2...
ok   GB/T 32905 abcdabcd... rc=0 debe9ff92275b8a138604889c18e5a4d...
RESULT iccs sm3hash-256 PASS (20/20)
