library     = lib/libNIIKE-lv128.so
id          = kex-08
type        = kex
algorithm   = NIIKE
instance    = NIIKE-lv128
variant     = Reference_Implementation
source_dir  = Implementations and Test_Vectors/Implementations/Reference_Implementation
compiler    = gcc 15.2.0
build_flags = -std=c99 -Wpedantic -Wall -Wextra -O2 -fPIC -D_GNU_SOURCE -Wno-error=implicit-function-declaration -Wno-error=incompatible-poin
passes      = 0
pk_len      = 4160
sk_len      = 196
sta_len     = 0
stb_len     = 0
ss_len      = 64
total_msg   = 0
timing  full exchange 15614.002 ms (avg over 10)
wrote  kat/KAT_KEX_NIIKE-lv128.txt (180320 bytes)
manifest a19507a33180a4ea6eb00c11b99bfd60bde84c11681e151184e2d0aad6706d30 strict KAT_KEX_NIIKE-lv128.txt
RESULT kex-08 NIIKE-lv128 PASS 
