library     = lib/libNIIKE-lv256.so
id          = kex-08
type        = kex
algorithm   = NIIKE
instance    = NIIKE-lv256
variant     = Reference_Implementation
source_dir  = Implementations and Test_Vectors/Implementations/Reference_Implementation
compiler    = gcc 15.2.0
build_flags = -std=c99 -Wpedantic -Wall -Wextra -O2 -fPIC -D_GNU_SOURCE -Wno-error=implicit-function-declaration -Wno-error=incompatible-poin
passes      = 0
pk_len      = 8960
sk_len      = 336
sta_len     = 0
stb_len     = 0
ss_len      = 128
total_msg   = 0
timing  full exchange 256567.617 ms (avg over 3)
wrote  kat/KAT_KEX_NIIKE-lv256.txt (113763 bytes)
manifest 8d157dd0e053efefc60cede39e89ce53d93fe117d48b05fd8df80b00c03fed86 strict:3 KAT_KEX_NIIKE-lv256.txt
RESULT kex-08 NIIKE-lv256 PASS 
