library     = lib/libMAMBA-NIKE-192.so
id          = kex-06
type        = kex
algorithm   = MAMBA-NIKE
instance    = MAMBA-NIKE-192
variant     = Reference_Implementation
source_dir  = Implementations/Reference_Implementation/MAMBA-NIKE-192
compiler    = gcc 15.2.0
build_flags = -std=c99 -Wpedantic -Wall -Wextra -O2 -fPIC -D_GNU_SOURCE -Wno-error=implicit-function-declaration -Wno-error=incompatible-poin
passes      = 1
pk_len      = 1312
sk_len      = 3360
sta_len     = 32
stb_len     = 0
ss_len      = 32
total_msg   = 1568
timing  full exchange 2.773 ms (avg over 10)
wrote  kat/KAT_KEX_MAMBA-NIKE-192.txt (223420 bytes)
manifest 1bf0ddc23abc11671362334701bc86b3d91c396eae28f37f00beb7bb805eff11 strict KAT_KEX_MAMBA-NIKE-192.txt
RESULT kex-06 MAMBA-NIKE-192 PASS 
